Microchip MPLAB XC8 Compiler V2.00 ()

Linker command line:

-W-3 --edf=C:\Program Files (x86)\Microchip\xc8\v2.00\pic\dat\en_msgs.txt \
  -cs -h+dist/default/production\Industrial_Safety.X.production.sym \
  --cmf=dist/default/production\Industrial_Safety.X.production.cmf -z \
  -Q16F887 -oC:\Users\21193444\AppData\Local\Temp\s434.2 \
  -Mdist/default/production/Industrial_Safety.X.production.map -E1 -ver=XC8 \
  --acfsm=1493 -ASTACK=0110h-016fh -pstack=STACK -ACODE=00h-07FFhx4 \
  -ASTRCODE=00h-01FFFh -ASTRING=00h-0FFhx32 -ACONST=00h-0FFhx32 \
  -AENTRY=00h-0FFhx32 -ACOMMON=070h-07Fh -ABANK0=020h-06Fh \
  -ABANK1=0A0h-0EFh -ABANK2=0110h-016Fh -ABANK3=0190h-01EFh \
  -ARAM=020h-06Fh,0A0h-0EFh,0110h-016Fh,0190h-01EFh \
  -AABS1=020h-07Fh,0A0h-0EFh,0110h-016Fh,0190h-01EFh -ASFR0=00h-01Fh \
  -ASFR1=080h-09Fh -ASFR2=0100h-010Fh -ASFR3=0180h-018Fh \
  -preset_vec=00h,intentry=04h,init,end_init -ppowerup=CODE -pcinit=CODE \
  -pfunctab=ENTRY -ACONFIG=02007h-02008h -pconfig=CONFIG -DCONFIG=2 \
  -AIDLOC=02000h-02003h -pidloc=IDLOC -DIDLOC=2 -AEEDATA=00h-0FFh/02100h \
  -peeprom_data=EEDATA -DEEDATA=2 -DCODE=2 -DSTRCODE=2 -DSTRING=2 -DCONST=2 \
  -DENTRY=2 -k C:\Users\21193444\AppData\Local\Temp\s434.o \
  dist/default/production\Industrial_Safety.X.production.o 

Object code version is 3.11

Machine type is 16F887



                Name                               Link     Load   Length Selector   Space Scale
C:\Users\21193444\AppData\Local\Temp\s434.o
                end_init                              E        E        3        8       0
                reset_vec                             0        0        3        0       0
                config                             2007     2007        2     400E       0
dist/default/production\Industrial_Safety.X.production.o
                cinit                                11       11        D        8       0
                intentry                              4        4        A        8       0
                text17                              415      415       12        8       0
                text16                              447      447       10        8       0
                text15                              27C      27C       5F        8       0
                text14                              39D      39D       32        8       0
                text13                              437      437       10        8       0
                text12                              427      427       10        8       0
                text11                              46A      46A        6        8       0
                text10                              3CF      3CF       1C        8       0
                text9                               10E      10E       96        8       0
                text8                               2DB      2DB       45        8       0
                text7                               1A4      1A4       73        8       0
                text6                               217      217       65        8       0
                text5                               361      361       3C        8       0
                text4                               400      400       15        8       0
                text3                                1E       1E       F0        8       0
                text2                               457      457        B        8       0
                text1                               3EB      3EB       15        8       0
                maintext                            320      320       41        8       0
                cstackBANK0                          20       20       1C       20       1
                cstackCOMMON                         70       70        E       70       1
                clrtext                             462      462        8        8       0
                bssBANK0                             3C       3C       11       20       1

TOTAL           Name                               Link     Load   Length     Space
        CLASS   STACK          

        CLASS   CODE           
                end_init                              E        E        3         0
                cinit                                11       11        D         0
                intentry                              4        4        A         0
                reset_vec                             0        0        3         0
                text17                              415      415       12         0
                text16                              447      447       10         0
                text15                              27C      27C       5F         0
                text14                              39D      39D       32         0
                text13                              437      437       10         0
                text12                              427      427       10         0
                text11                              46A      46A        6         0
                text10                              3CF      3CF       1C         0
                text9                               10E      10E       96         0
                text8                               2DB      2DB       45         0
                text7                               1A4      1A4       73         0
                text6                               217      217       65         0
                text5                               361      361       3C         0
                text4                               400      400       15         0
                text3                                1E       1E       F0         0
                text2                               457      457        B         0
                text1                               3EB      3EB       15         0
                maintext                            320      320       41         0
                clrtext                             462      462        8         0

        CLASS   STRCODE        

        CLASS   STRING         

        CLASS   CONST          

        CLASS   ENTRY          

        CLASS   COMMON         
                cstackCOMMON                         70       70        E         1

        CLASS   BANK0          
                cstackBANK0                          20       20       1C         1
                bssBANK0                             3C       3C       11         1

        CLASS   BANK1          

        CLASS   BANK2          

        CLASS   BANK3          

        CLASS   RAM            

        CLASS   ABS1           
                abs_s1                               7E       7E        2         1

        CLASS   SFR0           

        CLASS   SFR1           

        CLASS   SFR2           

        CLASS   SFR3           

        CLASS   CONFIG         
                config                             2007     2007        2         0

        CLASS   IDLOC          

        CLASS   EEDATA         



SEGMENTS        Name                           Load    Length   Top    Selector   Space  Class     Delta

                reset_vec                      000000  000003  000003         0       0  CODE        2
                intentry                       000004  00046C  000470         8       0  CODE        2
                cstackBANK0                    000020  00002D  00004D        20       1  BANK0       1
                cstackCOMMON                   000070  00000E  00007E        70       1  COMMON      1
                config                         002007  000002  002009      400E       0  CONFIG      2


UNUSED ADDRESS RANGES

        Name                Unused          Largest block    Delta
        BANK0            004D-006F             23           1
        BANK1            00A0-00EF             50           1
        BANK2            0110-016F             60           1
        BANK3            0190-01EF             60           1
        CODE             0003-0003              1           2
                         0470-1FFF            800
        CONST            0003-0003              1           2
                         0470-1FFF            100
        EEDATA           2100-21FF            100           2
        ENTRY            0003-0003              1           2
                         0470-1FFF            100
        IDLOC            2000-2003              4           2
        RAM              004D-006F             23           1
                         00A0-00EF             50
                         0110-016F             60
                         0190-01EF             60
        SFR0             0000-001F             20           1
        SFR1             0080-009F             20           1
        SFR2             0100-010F             10           1
        SFR3             0180-018F             10           1
        STACK            0110-016F             60           1
        STRCODE          0003-0003              1           2
                         0470-1FFF           1B90
        STRING           0003-0003              1           2
                         0470-1FFF            100

                                  Symbol Table

?___awdiv                 cstackBANK0  0020
?___awmod                 cstackBANK0  0020
_CCP1CONbits              (abs)        0017
_CCPR1H                   (abs)        0016
_CCPR1L                   (abs)        0015
_INTCONbits               (abs)        000B
_OPTION_REGbits           (abs)        0081
_PIE1bits                 (abs)        008C
_PIR1bits                 (abs)        000C
_PORTCbits                (abs)        0007
_PORTD                    (abs)        0008
_PORTDbits                (abs)        0008
_PR2                      (abs)        0092
_T0_init                  text13       0437
_T0_int                   text17       0415
_T0count                  bssBANK0     0040
_T1CONbits                (abs)        0010
_T2CONbits                (abs)        0012
_T2_int                   text16       0447
_T2count                  bssBANK0     003C
_TMR0                     (abs)        0001
_TMR2                     (abs)        0011
_TRISCbits                (abs)        0087
_TRISDbits                (abs)        0088
__CFG_BOR4V$BOR40V        (abs)        0000
__CFG_BOREN$OFF           (abs)        0000
__CFG_CP$OFF              (abs)        0000
__CFG_CPD$OFF             (abs)        0000
__CFG_FCMEN$OFF           (abs)        0000
__CFG_FOSC$INTRC_NOCLKOUT (abs)        0000
__CFG_IESO$OFF            (abs)        0000
__CFG_LVP$OFF             (abs)        0000
__CFG_MCLRE$OFF           (abs)        0000
__CFG_PWRTE$OFF           (abs)        0000
__CFG_WDTE$OFF            (abs)        0000
__CFG_WRT$OFF             (abs)        0000
__Habs1                   abs1         0000
__Hbank0                  bank0        0000
__Hbank1                  bank1        0000
__Hbank2                  bank2        0000
__Hbank3                  bank3        0000
__HbssBANK0               bssBANK0     0000
__Hcinit                  cinit        001E
__Hclrtext                clrtext      0000
__Hcode                   code         0000
__Hcommon                 common       0000
__Hconfig                 config       2009
__HcstackBANK0            cstackBANK0  0000
__HcstackCOMMON           cstackCOMMON 0000
__Heeprom_data            eeprom_data  0000
__Hend_init               end_init     0011
__Hfunctab                functab      0000
__Hidloc                  idloc        0000
__Hinit                   init         000E
__Hintentry               intentry     000E
__Hmaintext               maintext     0000
__Hpowerup                powerup      0000
__Hram                    ram          0000
__Hreset_vec              reset_vec    0003
__Hsfr0                   sfr0         0000
__Hsfr1                   sfr1         0000
__Hsfr2                   sfr2         0000
__Hsfr3                   sfr3         0000
__Hspace_0                (abs)        2009
__Hspace_1                (abs)        007E
__Hspace_2                (abs)        0000
__Hspace_3                (abs)        0000
__Hstack                  stack        0000
__Hstrings                strings      0000
__Htext                   text         0000
__Labs1                   abs1         0000
__Lbank0                  bank0        0000
__Lbank1                  bank1        0000
__Lbank2                  bank2        0000
__Lbank3                  bank3        0000
__LbssBANK0               bssBANK0     0000
__Lcinit                  cinit        0011
__Lclrtext                clrtext      0000
__Lcode                   code         0000
__Lcommon                 common       0000
__Lconfig                 config       2007
__LcstackBANK0            cstackBANK0  0000
__LcstackCOMMON           cstackCOMMON 0000
__Leeprom_data            eeprom_data  0000
__Lend_init               end_init     000E
__Lfunctab                functab      0000
__Lidloc                  idloc        0000
__Linit                   init         000E
__Lintentry               intentry     0004
__Lmaintext               maintext     0000
__Lpowerup                powerup      0000
__Lram                    ram          0000
__Lreset_vec              reset_vec    0000
__Lsfr0                   sfr0         0000
__Lsfr1                   sfr1         0000
__Lsfr2                   sfr2         0000
__Lsfr3                   sfr3         0000
__Lspace_0                (abs)        0000
__Lspace_1                (abs)        0000
__Lspace_2                (abs)        0000
__Lspace_3                (abs)        0000
__Lstack                  stack        0000
__Lstrings                strings      0000
__Ltext                   text         0000
__S0                      (abs)        2009
__S1                      (abs)        007E
__S2                      (abs)        0000
__S3                      (abs)        0000
___awdiv                  text7        01A4
___awdiv@counter          cstackBANK0  0025
___awdiv@dividend         cstackBANK0  0022
___awdiv@divisor          cstackBANK0  0020
___awdiv@quotient         cstackBANK0  0027
___awdiv@sign             cstackBANK0  0026
___awmod                  text6        0217
___awmod@counter          cstackBANK0  0025
___awmod@dividend         cstackBANK0  0022
___awmod@divisor          cstackBANK0  0020
___awmod@sign             cstackBANK0  0026
___int_sp                 stack        0000
___latbits                (abs)        0002
___sp                     stack        0000
__end_of_T0_init          text13       0447
__end_of_T0_int           text17       0427
__end_of_T2_int           text16       0457
__end_of___awdiv          text7        0217
__end_of___awmod          text6        027C
__end_of__initialization  cinit        001A
__end_of_ccp1_init        text12       0437
__end_of_ccp_load         text15       02DB
__end_of_delay_ms         text10       03EB
__end_of_in_init          text11       0470
__end_of_isr              text14       03CF
__end_of_lcd_dataReg      text5        039D
__end_of_lcd_init         text8        0320
__end_of_lcd_instReg      text9        01A4
__end_of_lcd_lincol       text4        0415
__end_of_lcd_num          text3        010E
__end_of_main             maintext     0361
__end_of_prs_init         text2        0462
__end_of_uts_trigger      text1        0400
__initialization          cinit        0011
__pbssBANK0               bssBANK0     003C
__pcstackBANK0            cstackBANK0  0020
__pcstackCOMMON           cstackCOMMON 0070
__pintentry               intentry     0004
__pmaintext               maintext     0320
__ptext1                  text1        03EB
__ptext10                 text10       03CF
__ptext11                 text11       046A
__ptext12                 text12       0427
__ptext13                 text13       0437
__ptext14                 text14       039D
__ptext15                 text15       027C
__ptext16                 text16       0447
__ptext17                 text17       0415
__ptext2                  text2        0457
__ptext3                  text3        001E
__ptext4                  text4        0400
__ptext5                  text5        0361
__ptext6                  text6        0217
__ptext7                  text7        01A4
__ptext8                  text8        02DB
__ptext9                  text9        010E
__size_of_T0_init         (abs)        0000
__size_of_T0_int          (abs)        0000
__size_of_T2_int          (abs)        0000
__size_of___awdiv         (abs)        0000
__size_of___awmod         (abs)        0000
__size_of_ccp1_init       (abs)        0000
__size_of_ccp_load        (abs)        0000
__size_of_delay_ms        (abs)        0000
__size_of_in_init         (abs)        0000
__size_of_isr             (abs)        0000
__size_of_lcd_dataReg     (abs)        0000
__size_of_lcd_init        (abs)        0000
__size_of_lcd_instReg     (abs)        0000
__size_of_lcd_lincol      (abs)        0000
__size_of_lcd_num         (abs)        0000
__size_of_main            (abs)        0000
__size_of_prs_init        (abs)        0000
__size_of_uts_trigger     (abs)        0000
_captura                  bssBANK0     0047
_ccp1_init                text12       0427
_ccp_load                 text15       027C
_ccp_ptr                  bssBANK0     0046
_delay_ms                 text10       03CF
_in_init                  text11       046A
_isr                      text14       039D
_lcd_dataReg              text5        0361
_lcd_init                 text8        02DB
_lcd_instReg              text9        010E
_lcd_lincol               text4        0400
_lcd_num                  text3        001E
_main                     maintext     0320
_prs_init                 text2        0457
_t_sensor                 bssBANK0     0042
_uts_trigger              text1        03EB
btemp                     (abs)        007E
ccp1_init@ptr             cstackBANK0  0021
ccp_load@ccp              cstackCOMMON 0078
ccp_load@hi               cstackCOMMON 0077
ccp_load@lo               cstackCOMMON 0070
clear_ram0                clrtext      0462
delay_ms@t                cstackBANK0  0020
end_of_initialization     cinit        001A
interrupt_function        intentry     0004
intlevel0                 functab      0000
intlevel1                 functab      0000
intlevel2                 functab      0000
intlevel3                 functab      0000
intlevel4                 functab      0000
intlevel5                 functab      0000
lcd_dataReg@d             cstackBANK0  0022
lcd_instReg@i             cstackBANK0  0022
lcd_lincol@col            cstackBANK0  0023
lcd_lincol@lin            cstackBANK0  0025
lcd_num@col               cstackBANK0  0029
lcd_num@div               cstackBANK0  0033
lcd_num@lin               cstackBANK0  0030
lcd_num@num               cstackBANK0  002A
lcd_num@sinal             cstackBANK0  0032
lcd_num@size              cstackBANK0  0031
lcd_num@tam               cstackBANK0  002C
main@block                cstackBANK0  0038
main@psr_ant              cstackBANK0  003A
main@seg                  cstackBANK0  0036
reset_vec                 reset_vec    0000
saved_w                   (abs)        007E
stackhi                   (abs)        0000
stacklo                   (abs)        0000
start                     init         000E
start_initialization      cinit        0011
wtemp0                    (abs)        007E


FUNCTION INFORMATION:

 *************** function _main *****************
 Defined at:
		line 20 in file "main.c"
 Parameters:    Size  Location     Type
		None
 Auto vars:     Size  Location     Type
  psr_ant         2   26[BANK0 ] int 
  block           2   24[BANK0 ] unsigned int 
  seg             2   22[BANK0 ] unsigned int 
 Return value:  Size  Location     Type
                  1    wreg      void 
 Registers used:
		wreg, status,2, status,0, btemp+1, pclath, cstack
 Tracked objects:
		On entry : 
		On exit  : 
		Unchanged: 
 Data sizes:     COMMON   BANK0   BANK1   BANK3   BANK2
      Params:         0       0       0       0       0
      Locals:         0       6       0       0       0
      Temps:          0       1       0       0       0
      Totals:         0       7       0       0       0
Total ram usage:        7 bytes
 Hardware stack levels required when called:    5
 This function calls:
		_T0_init
		_ccp1_init
		_in_init
		_lcd_init
		_lcd_num
		_prs_init
		_uts_trigger
 This function is called by:
		Startup code after reset
 This function uses a non-reentrant model


 *************** function _uts_trigger *****************
 Defined at:
		line 27 in file "inputs.c"
 Parameters:    Size  Location     Type
		None
 Auto vars:     Size  Location     Type
		None
 Return value:  Size  Location     Type
                  1    wreg      void 
 Registers used:
		wreg
 Tracked objects:
		On entry : 
		On exit  : 
		Unchanged: 
 Data sizes:     COMMON   BANK0   BANK1   BANK3   BANK2
      Params:         0       0       0       0       0
      Locals:         0       0       0       0       0
      Temps:          0       1       0       0       0
      Totals:         0       1       0       0       0
Total ram usage:        1 bytes
 Hardware stack levels used:    1
 Hardware stack levels required when called:    2
 This function calls:
		Nothing
 This function is called by:
		_main
 This function uses a non-reentrant model


 *************** function _prs_init *****************
 Defined at:
		line 17 in file "prs.c"
 Parameters:    Size  Location     Type
		None
 Auto vars:     Size  Location     Type
		None
 Return value:  Size  Location     Type
                  1    wreg      void 
 Registers used:
		status,2
 Tracked objects:
		On entry : 
		On exit  : 
		Unchanged: 
 Data sizes:     COMMON   BANK0   BANK1   BANK3   BANK2
      Params:         0       0       0       0       0
      Locals:         0       0       0       0       0
      Temps:          0       0       0       0       0
      Totals:         0       0       0       0       0
Total ram usage:        0 bytes
 Hardware stack levels used:    1
 Hardware stack levels required when called:    2
 This function calls:
		Nothing
 This function is called by:
		_main
 This function uses a non-reentrant model


 *************** function _lcd_num *****************
 Defined at:
		line 179 in file "lcd.c"
 Parameters:    Size  Location     Type
  lin             1    wreg     unsigned char 
  col             1    9[BANK0 ] unsigned char 
  num             2   10[BANK0 ] int 
  tam             1   12[BANK0 ] unsigned char 
 Auto vars:     Size  Location     Type
  lin             1   16[BANK0 ] unsigned char 
  div             2   19[BANK0 ] int 
  sinal           1   18[BANK0 ] unsigned char 
  size            1   17[BANK0 ] unsigned char 
 Return value:  Size  Location     Type
                  1    wreg      void 
 Registers used:
		wreg, status,2, status,0, btemp+1, pclath, cstack
 Tracked objects:
		On entry : 
		On exit  : 
		Unchanged: 
 Data sizes:     COMMON   BANK0   BANK1   BANK3   BANK2
      Params:         0       4       0       0       0
      Locals:         0       5       0       0       0
      Temps:          0       3       0       0       0
      Totals:         0      12       0       0       0
Total ram usage:       12 bytes
 Hardware stack levels used:    1
 Hardware stack levels required when called:    4
 This function calls:
		___awdiv
		___awmod
		_lcd_dataReg
		_lcd_lincol
 This function is called by:
		_main
 This function uses a non-reentrant model


 *************** function _lcd_lincol *****************
 Defined at:
		line 112 in file "lcd.c"
 Parameters:    Size  Location     Type
  lin             1    wreg     unsigned char 
  col             1    3[BANK0 ] unsigned char 
 Auto vars:     Size  Location     Type
  lin             1    5[BANK0 ] unsigned char 
 Return value:  Size  Location     Type
                  1    wreg      void 
 Registers used:
		wreg, status,2, status,0, pclath, cstack
 Tracked objects:
		On entry : 
		On exit  : 
		Unchanged: 
 Data sizes:     COMMON   BANK0   BANK1   BANK3   BANK2
      Params:         0       1       0       0       0
      Locals:         0       1       0       0       0
      Temps:          0       1       0       0       0
      Totals:         0       3       0       0       0
Total ram usage:        3 bytes
 Hardware stack levels used:    1
 Hardware stack levels required when called:    3
 This function calls:
		_lcd_instReg
 This function is called by:
		_lcd_num
		_lcd_print
 This function uses a non-reentrant model


 *************** function _lcd_dataReg *****************
 Defined at:
		line 94 in file "lcd.c"
 Parameters:    Size  Location     Type
  d               1    wreg     unsigned char 
 Auto vars:     Size  Location     Type
  d               1    2[BANK0 ] unsigned char 
 Return value:  Size  Location     Type
                  1    wreg      void 
 Registers used:
		wreg, status,2, status,0
 Tracked objects:
		On entry : 
		On exit  : 
		Unchanged: 
 Data sizes:     COMMON   BANK0   BANK1   BANK3   BANK2
      Params:         0       0       0       0       0
      Locals:         0       1       0       0       0
      Temps:          0       2       0       0       0
      Totals:         0       3       0       0       0
Total ram usage:        3 bytes
 Hardware stack levels used:    1
 Hardware stack levels required when called:    2
 This function calls:
		Nothing
 This function is called by:
		_lcd_num
		_lcd_print
 This function uses a non-reentrant model


 *************** function ___awmod *****************
 Defined at:
		line 5 in file "C:\Program Files (x86)\Microchip\xc8\v2.00\pic\sources\c90\common\awmod.c"
 Parameters:    Size  Location     Type
  divisor         2    0[BANK0 ] int 
  dividend        2    2[BANK0 ] int 
 Auto vars:     Size  Location     Type
  sign            1    6[BANK0 ] unsigned char 
  counter         1    5[BANK0 ] unsigned char 
 Return value:  Size  Location     Type
                  2    0[BANK0 ] int 
 Registers used:
		wreg, status,2, status,0
 Tracked objects:
		On entry : 
		On exit  : 
		Unchanged: 
 Data sizes:     COMMON   BANK0   BANK1   BANK3   BANK2
      Params:         0       4       0       0       0
      Locals:         0       2       0       0       0
      Temps:          0       1       0       0       0
      Totals:         0       7       0       0       0
Total ram usage:        7 bytes
 Hardware stack levels used:    1
 Hardware stack levels required when called:    2
 This function calls:
		Nothing
 This function is called by:
		_lcd_num
 This function uses a non-reentrant model


 *************** function ___awdiv *****************
 Defined at:
		line 5 in file "C:\Program Files (x86)\Microchip\xc8\v2.00\pic\sources\c90\common\awdiv.c"
 Parameters:    Size  Location     Type
  divisor         2    0[BANK0 ] int 
  dividend        2    2[BANK0 ] int 
 Auto vars:     Size  Location     Type
  quotient        2    7[BANK0 ] int 
  sign            1    6[BANK0 ] unsigned char 
  counter         1    5[BANK0 ] unsigned char 
 Return value:  Size  Location     Type
                  2    0[BANK0 ] int 
 Registers used:
		wreg, status,2, status,0
 Tracked objects:
		On entry : 
		On exit  : 
		Unchanged: 
 Data sizes:     COMMON   BANK0   BANK1   BANK3   BANK2
      Params:         0       4       0       0       0
      Locals:         0       4       0       0       0
      Temps:          0       1       0       0       0
      Totals:         0       9       0       0       0
Total ram usage:        9 bytes
 Hardware stack levels used:    1
 Hardware stack levels required when called:    2
 This function calls:
		Nothing
 This function is called by:
		_lcd_num
 This function uses a non-reentrant model


 *************** function _lcd_init *****************
 Defined at:
		line 122 in file "lcd.c"
 Parameters:    Size  Location     Type
		None
 Auto vars:     Size  Location     Type
		None
 Return value:  Size  Location     Type
                  1    wreg      void 
 Registers used:
		wreg, status,2, status,0, pclath, cstack
 Tracked objects:
		On entry : 
		On exit  : 
		Unchanged: 
 Data sizes:     COMMON   BANK0   BANK1   BANK3   BANK2
      Params:         0       0       0       0       0
      Locals:         0       0       0       0       0
      Temps:          0       0       0       0       0
      Totals:         0       0       0       0       0
Total ram usage:        0 bytes
 Hardware stack levels used:    1
 Hardware stack levels required when called:    3
 This function calls:
		_delay_ms
		_lcd_instReg
 This function is called by:
		_main
 This function uses a non-reentrant model


 *************** function _lcd_instReg *****************
 Defined at:
		line 59 in file "lcd.c"
 Parameters:    Size  Location     Type
  i               1    wreg     unsigned char 
 Auto vars:     Size  Location     Type
  i               1    2[BANK0 ] unsigned char 
 Return value:  Size  Location     Type
                  1    wreg      void 
 Registers used:
		wreg, status,2, status,0
 Tracked objects:
		On entry : 
		On exit  : 
		Unchanged: 
 Data sizes:     COMMON   BANK0   BANK1   BANK3   BANK2
      Params:         0       0       0       0       0
      Locals:         0       1       0       0       0
      Temps:          0       2       0       0       0
      Totals:         0       3       0       0       0
Total ram usage:        3 bytes
 Hardware stack levels used:    1
 Hardware stack levels required when called:    2
 This function calls:
		Nothing
 This function is called by:
		_lcd_lincol
		_lcd_init
		_lcd_clr
 This function uses a non-reentrant model


 *************** function _delay_ms *****************
 Defined at:
		line 12 in file "delay.c"
 Parameters:    Size  Location     Type
  t               2    0[BANK0 ] unsigned int 
 Auto vars:     Size  Location     Type
		None
 Return value:  Size  Location     Type
                  1    wreg      void 
 Registers used:
		wreg, status,2, status,0
 Tracked objects:
		On entry : 
		On exit  : 
		Unchanged: 
 Data sizes:     COMMON   BANK0   BANK1   BANK3   BANK2
      Params:         0       2       0       0       0
      Locals:         0       0       0       0       0
      Temps:          0       1       0       0       0
      Totals:         0       3       0       0       0
Total ram usage:        3 bytes
 Hardware stack levels used:    1
 Hardware stack levels required when called:    2
 This function calls:
		Nothing
 This function is called by:
		_lcd_init
 This function uses a non-reentrant model


 *************** function _in_init *****************
 Defined at:
		line 20 in file "inputs.c"
 Parameters:    Size  Location     Type
		None
 Auto vars:     Size  Location     Type
		None
 Return value:  Size  Location     Type
                  1    wreg      void 
 Registers used:
		None
 Tracked objects:
		On entry : 
		On exit  : 
		Unchanged: 
 Data sizes:     COMMON   BANK0   BANK1   BANK3   BANK2
      Params:         0       0       0       0       0
      Locals:         0       0       0       0       0
      Temps:          0       0       0       0       0
      Totals:         0       0       0       0       0
Total ram usage:        0 bytes
 Hardware stack levels used:    1
 Hardware stack levels required when called:    2
 This function calls:
		Nothing
 This function is called by:
		_main
 This function uses a non-reentrant model


 *************** function _ccp1_init *****************
 Defined at:
		line 14 in file "ccp.c"
 Parameters:    Size  Location     Type
  ptr             1    wreg     PTR struct captura_t
		 -> captura(6), 
 Auto vars:     Size  Location     Type
  ptr             1    1[BANK0 ] PTR struct captura_t
		 -> captura(6), 
 Return value:  Size  Location     Type
                  1    wreg      void 
 Registers used:
		wreg
 Tracked objects:
		On entry : 
		On exit  : 
		Unchanged: 
 Data sizes:     COMMON   BANK0   BANK1   BANK3   BANK2
      Params:         0       0       0       0       0
      Locals:         0       1       0       0       0
      Temps:          0       1       0       0       0
      Totals:         0       2       0       0       0
Total ram usage:        2 bytes
 Hardware stack levels used:    1
 Hardware stack levels required when called:    2
 This function calls:
		Nothing
 This function is called by:
		_main
 This function uses a non-reentrant model


 *************** function _T0_init *****************
 Defined at:
		line 21 in file "timer.c"
 Parameters:    Size  Location     Type
		None
 Auto vars:     Size  Location     Type
		None
 Return value:  Size  Location     Type
                  1    wreg      void 
 Registers used:
		wreg, status,2, status,0
 Tracked objects:
		On entry : 
		On exit  : 
		Unchanged: 
 Data sizes:     COMMON   BANK0   BANK1   BANK3   BANK2
      Params:         0       0       0       0       0
      Locals:         0       0       0       0       0
      Temps:          0       0       0       0       0
      Totals:         0       0       0       0       0
Total ram usage:        0 bytes
 Hardware stack levels used:    1
 Hardware stack levels required when called:    2
 This function calls:
		Nothing
 This function is called by:
		_main
 This function uses a non-reentrant model


 *************** function _isr *****************
 Defined at:
		line 14 in file "interrupt.c"
 Parameters:    Size  Location     Type
		None
 Auto vars:     Size  Location     Type
		None
 Return value:  Size  Location     Type
                  1    wreg      void 
 Registers used:
		wreg, fsr0l, fsr0h, status,2, status,0, pclath, cstack
 Tracked objects:
		On entry : 
		On exit  : 
		Unchanged: 
 Data sizes:     COMMON   BANK0   BANK1   BANK3   BANK2
      Params:         0       0       0       0       0
      Locals:         0       0       0       0       0
      Temps:          4       0       0       0       0
      Totals:         4       0       0       0       0
Total ram usage:        4 bytes
 Hardware stack levels used:    1
 Hardware stack levels required when called:    1
 This function calls:
		_T0_int
		_T2_int
		_ccp_load
 This function is called by:
		Interrupt level 1
 This function uses a non-reentrant model


 *************** function _ccp_load *****************
 Defined at:
		line 37 in file "ccp.c"
 Parameters:    Size  Location     Type
  hi              1    wreg     unsigned char 
  lo              1    0[COMMON] unsigned char 
 Auto vars:     Size  Location     Type
  hi              1    7[COMMON] unsigned char 
  ccp             2    8[COMMON] int 
 Return value:  Size  Location     Type
                  1    wreg      void 
 Registers used:
		wreg, fsr0l, fsr0h, status,2, status,0
 Tracked objects:
		On entry : 
		On exit  : 
		Unchanged: 
 Data sizes:     COMMON   BANK0   BANK1   BANK3   BANK2
      Params:         1       0       0       0       0
      Locals:         3       0       0       0       0
      Temps:          6       0       0       0       0
      Totals:        10       0       0       0       0
Total ram usage:       10 bytes
 Hardware stack levels used:    1
 This function calls:
		Nothing
 This function is called by:
		_isr
 This function uses a non-reentrant model


 *************** function _T2_int *****************
 Defined at:
		line 132 in file "timer.c"
 Parameters:    Size  Location     Type
		None
 Auto vars:     Size  Location     Type
		None
 Return value:  Size  Location     Type
                  1    wreg      void 
 Registers used:
		wreg, status,2, status,0
 Tracked objects:
		On entry : 
		On exit  : 
		Unchanged: 
 Data sizes:     COMMON   BANK0   BANK1   BANK3   BANK2
      Params:         0       0       0       0       0
      Locals:         0       0       0       0       0
      Temps:          0       0       0       0       0
      Totals:         0       0       0       0       0
Total ram usage:        0 bytes
 Hardware stack levels used:    1
 This function calls:
		Nothing
 This function is called by:
		_isr
 This function uses a non-reentrant model


 *************** function _T0_int *****************
 Defined at:
		line 33 in file "timer.c"
 Parameters:    Size  Location     Type
		None
 Auto vars:     Size  Location     Type
		None
 Return value:  Size  Location     Type
                  1    wreg      void 
 Registers used:
		wreg, status,2, status,0
 Tracked objects:
		On entry : 
		On exit  : 
		Unchanged: 
 Data sizes:     COMMON   BANK0   BANK1   BANK3   BANK2
      Params:         0       0       0       0       0
      Locals:         0       0       0       0       0
      Temps:          0       0       0       0       0
      Totals:         0       0       0       0       0
Total ram usage:        0 bytes
 Hardware stack levels used:    1
 This function calls:
		Nothing
 This function is called by:
		_isr
 This function uses a non-reentrant model



MODULE INFORMATION

Module		Function		Class		Link	Load	Size
delay.c
		_delay_ms      		CODE           	03CF	0000	29

delay.c estimated size: 29

C:\Program Files (x86)\Microchip\xc8\v2.00\pic\sources\c90\common\awmod.c
		___awmod       		CODE           	0217	0000	102

C:\Program Files (x86)\Microchip\xc8\v2.00\pic\sources\c90\common\awmod.c estimated size: 102

timer.c
		_T0_int        		CODE           	0415	0000	19
		_T0_init       		CODE           	0437	0000	17
		_T2_int        		CODE           	0447	0000	17

timer.c estimated size: 53

prs.c
		_prs_init      		CODE           	0457	0000	12

prs.c estimated size: 12

C:\Program Files (x86)\Microchip\xc8\v2.00\pic\sources\c90\common\awdiv.c
		___awdiv       		CODE           	01A4	0000	116

C:\Program Files (x86)\Microchip\xc8\v2.00\pic\sources\c90\common\awdiv.c estimated size: 116

interrupt.c
		_isr           		CODE           	039D	0000	51

interrupt.c estimated size: 51

shared
		__initialization		CODE           	0011	0000	10

shared estimated size: 10

lcd.c
		_lcd_lincol    		CODE           	0400	0000	22
		_lcd_dataReg   		CODE           	0361	0000	61
		_lcd_instReg   		CODE           	010E	0000	151
		_lcd_init      		CODE           	02DB	0000	70
		_lcd_num       		CODE           	001E	0000	241

lcd.c estimated size: 545

ccp.c
		_ccp1_init     		CODE           	0427	0000	17
		_ccp_load      		CODE           	027C	0000	96

ccp.c estimated size: 113

main.c
		_main          		CODE           	0320	0000	66

main.c estimated size: 66

inputs.c
		_uts_trigger   		CODE           	03EB	0000	22
		_in_init       		CODE           	046A	0000	7

inputs.c estimated size: 29

