Microchip MPLAB XC8 Compiler V2.00 ()

Linker command line:

-W-3 --edf=C:\Program Files (x86)\Microchip\xc8\v2.00\pic\dat\en_msgs.txt \
  -cs -h+dist/default/production\Industrial_Safety.X.production.sym \
  --cmf=dist/default/production\Industrial_Safety.X.production.cmf -z \
  -Q16F887 -oC:\Users\21193442\AppData\Local\Temp\sc30.2 \
  -Mdist/default/production/Industrial_Safety.X.production.map -E1 -ver=XC8 \
  --acfsm=1493 -ASTACK=0110h-016fh -pstack=STACK -ACODE=00h-07FFhx4 \
  -ASTRCODE=00h-01FFFh -ASTRING=00h-0FFhx32 -ACONST=00h-0FFhx32 \
  -AENTRY=00h-0FFhx32 -ACOMMON=070h-07Fh -ABANK0=020h-06Fh \
  -ABANK1=0A0h-0EFh -ABANK2=0110h-016Fh -ABANK3=0190h-01EFh \
  -ARAM=020h-06Fh,0A0h-0EFh,0110h-016Fh,0190h-01EFh \
  -AABS1=020h-07Fh,0A0h-0EFh,0110h-016Fh,0190h-01EFh -ASFR0=00h-01Fh \
  -ASFR1=080h-09Fh -ASFR2=0100h-010Fh -ASFR3=0180h-018Fh \
  -preset_vec=00h,intentry=04h,init,end_init -ppowerup=CODE -pcinit=CODE \
  -pfunctab=ENTRY -ACONFIG=02007h-02008h -pconfig=CONFIG -DCONFIG=2 \
  -AIDLOC=02000h-02003h -pidloc=IDLOC -DIDLOC=2 -AEEDATA=00h-0FFh/02100h \
  -peeprom_data=EEDATA -DEEDATA=2 -DCODE=2 -DSTRCODE=2 -DSTRING=2 -DCONST=2 \
  -DENTRY=2 -k C:\Users\21193442\AppData\Local\Temp\sc30.o \
  dist/default/production\Industrial_Safety.X.production.o 

Object code version is 3.11

Machine type is 16F887



                Name                               Link     Load   Length Selector   Space Scale
C:\Users\21193442\AppData\Local\Temp\sc30.o
                end_init                              E        E        3        8       0
                reset_vec                             0        0        3        0       0
                config                             2007     2007        2     400E       0
dist/default/production\Industrial_Safety.X.production.o
                cinit                                11       11       27        8       0
                intentry                              4        4        A        8       0
                text17                              51B      51B       12        8       0
                text16                              384      384       50        8       0
                text15                              48C      48C       2B        8       0
                text14                              332      332       52        8       0
                text13                              4D6      4D6       1D        8       0
                text12                              55C      55C        8        8       0
                text11                              54B      54B        9        8       0
                text10                              53E      53E        D        8       0
                text9                               564      564        5        8       0
                text8                               4B7      4B7       1F        8       0
                text7                               1C4      1C4       96        8       0
                text6                               3D4      3D4       45        8       0
                text5                               25A      25A       73        8       0
                text4                               2CD      2CD       65        8       0
                text3                               419      419       3C        8       0
                text2                               4F3      4F3       15        8       0
                text1                                38       38       F0        8       0
                maintext                            128      128       9C        8       0
                cstackBANK0                          20       20       1F       20       1
                cstackCOMMON                         70       70        E       70       1
                clrtext                             554      554        8        8       0
                inittext                            508      508       13        8       0
                dataBANK1                            A0       A0       37       A0       1
                dataBANK0                            52       52       11       20       1
                bssBANK0                             3F       3F       13       20       1
                idataBANK1                          455      455       37        8       0
                idataBANK0                          52D      52D       11        8       0

TOTAL           Name                               Link     Load   Length     Space
        CLASS   STACK          

        CLASS   CODE           
                end_init                              E        E        3         0
                cinit                                11       11       27         0
                intentry                              4        4        A         0
                reset_vec                             0        0        3         0
                text17                              51B      51B       12         0
                text16                              384      384       50         0
                text15                              48C      48C       2B         0
                text14                              332      332       52         0
                text13                              4D6      4D6       1D         0
                text12                              55C      55C        8         0
                text11                              54B      54B        9         0
                text10                              53E      53E        D         0
                text9                               564      564        5         0
                text8                               4B7      4B7       1F         0
                text7                               1C4      1C4       96         0
                text6                               3D4      3D4       45         0
                text5                               25A      25A       73         0
                text4                               2CD      2CD       65         0
                text3                               419      419       3C         0
                text2                               4F3      4F3       15         0
                text1                                38       38       F0         0
                maintext                            128      128       9C         0
                clrtext                             554      554        8         0
                inittext                            508      508       13         0
                idataBANK1                          455      455       37         0
                idataBANK0                          52D      52D       11         0

        CLASS   STRCODE        

        CLASS   STRING         

        CLASS   CONST          

        CLASS   ENTRY          

        CLASS   COMMON         
                cstackCOMMON                         70       70        E         1

        CLASS   BANK0          
                cstackBANK0                          20       20       1F         1
                dataBANK0                            52       52       11         1
                bssBANK0                             3F       3F       13         1

        CLASS   BANK1          
                dataBANK1                            A0       A0       37         1

        CLASS   BANK2          

        CLASS   BANK3          

        CLASS   RAM            

        CLASS   ABS1           
                abs_s1                               7E       7E        2         1

        CLASS   SFR0           

        CLASS   SFR1           

        CLASS   SFR2           

        CLASS   SFR3           

        CLASS   CONFIG         
                config                             2007     2007        2         0

        CLASS   IDLOC          

        CLASS   EEDATA         



SEGMENTS        Name                           Load    Length   Top    Selector   Space  Class     Delta

                reset_vec                      000000  000003  000003         0       0  CODE        2
                intentry                       000004  000565  000569         8       0  CODE        2
                cstackBANK0                    000020  000043  000063        20       1  BANK0       1
                cstackCOMMON                   000070  00000E  00007E        70       1  COMMON      1
                dataBANK1                      0000A0  000037  0000D7        A0       1  BANK1       1
                config                         002007  000002  002009      400E       0  CONFIG      2


UNUSED ADDRESS RANGES

        Name                Unused          Largest block    Delta
        BANK0            0063-006F              D           1
        BANK1            00D7-00EF             19           1
        BANK2            0110-016F             60           1
        BANK3            0190-01EF             60           1
        CODE             0003-0003              1           2
                         0569-1FFF            800
        CONST            0003-0003              1           2
                         0569-1FFF            100
        EEDATA           2100-21FF            100           2
        ENTRY            0003-0003              1           2
                         0569-1FFF            100
        IDLOC            2000-2003              4           2
        RAM              0063-006F              D           1
                         00D7-00EF             19
                         0110-016F             60
                         0190-01EF             60
        SFR0             0000-001F             20           1
        SFR1             0080-009F             20           1
        SFR2             0100-010F             10           1
        SFR3             0180-018F             10           1
        STACK            0110-016F             60           1
        STRCODE          0003-0003              1           2
                         0569-1FFF           1A97
        STRING           0003-0003              1           2
                         0569-1FFF            100

                                  Symbol Table

?___awdiv                  cstackBANK0  0020
?___awmod                  cstackBANK0  0020
?_ccp_capture              cstackBANK0  0020
_ANSEL                     (abs)        0188
_CCP1CONbits               (abs)        0017
_CCP2CONbits               (abs)        001D
_CCPR2H                    (abs)        001C
_CCPR2L                    (abs)        001B
_EEADR                     (abs)        010D
_EECON1bits                (abs)        018C
_EECON2                    (abs)        018D
_EEDATA                    (abs)        010C
_INTCONbits                (abs)        000B
_OPTION_REGbits            (abs)        0081
_PIE1bits                  (abs)        008C
_PIE2bits                  (abs)        008D
_PIR1bits                  (abs)        000C
_PORTAbits                 (abs)        0005
_PORTBbits                 (abs)        0006
_PORTCbits                 (abs)        0007
_PORTD                     (abs)        0008
_PORTDbits                 (abs)        0008
_T0_int                    text17       051B
_T0count                   bssBANK0     0049
_T1CONbits                 (abs)        0010
_TMR0                      (abs)        0001
_TMR1H                     (abs)        000F
_TRISAbits                 (abs)        0085
_TRISBbits                 (abs)        0086
_TRISCbits                 (abs)        0087
_TRISDbits                 (abs)        0088
__CFG_BOR4V$BOR40V         (abs)        0000
__CFG_BOREN$OFF            (abs)        0000
__CFG_CP$OFF               (abs)        0000
__CFG_CPD$OFF              (abs)        0000
__CFG_FCMEN$OFF            (abs)        0000
__CFG_FOSC$HS              (abs)        0000
__CFG_IESO$OFF             (abs)        0000
__CFG_LVP$OFF              (abs)        0000
__CFG_MCLRE$OFF            (abs)        0000
__CFG_PWRTE$OFF            (abs)        0000
__CFG_WDTE$OFF             (abs)        0000
__CFG_WRT$OFF              (abs)        0000
__Habs1                    abs1         0000
__Hbank0                   bank0        0000
__Hbank1                   bank1        0000
__Hbank2                   bank2        0000
__Hbank3                   bank3        0000
__HbssBANK0                bssBANK0     0000
__Hcinit                   cinit        0038
__Hclrtext                 clrtext      0000
__Hcode                    code         0000
__Hcommon                  common       0000
__Hconfig                  config       2009
__HcstackBANK0             cstackBANK0  0000
__HcstackCOMMON            cstackCOMMON 0000
__HdataBANK0               dataBANK0    0000
__HdataBANK1               dataBANK1    0000
__Heeprom_data             eeprom_data  0000
__Hend_init                end_init     0011
__Hfunctab                 functab      0000
__HidataBANK0              idataBANK0   0000
__HidataBANK1              idataBANK1   0000
__Hidloc                   idloc        0000
__Hinit                    init         000E
__Hinittext                inittext     0000
__Hintentry                intentry     000E
__Hmaintext                maintext     0000
__Hpowerup                 powerup      0000
__Hram                     ram          0000
__Hreset_vec               reset_vec    0003
__Hsfr0                    sfr0         0000
__Hsfr1                    sfr1         0000
__Hsfr2                    sfr2         0000
__Hsfr3                    sfr3         0000
__Hspace_0                 (abs)        2009
__Hspace_1                 (abs)        00D7
__Hspace_2                 (abs)        0000
__Hspace_3                 (abs)        0000
__Hstack                   stack        0000
__Hstrings                 strings      0000
__Htext                    text         0000
__Labs1                    abs1         0000
__Lbank0                   bank0        0000
__Lbank1                   bank1        0000
__Lbank2                   bank2        0000
__Lbank3                   bank3        0000
__LbssBANK0                bssBANK0     0000
__Lcinit                   cinit        0011
__Lclrtext                 clrtext      0000
__Lcode                    code         0000
__Lcommon                  common       0000
__Lconfig                  config       2007
__LcstackBANK0             cstackBANK0  0000
__LcstackCOMMON            cstackCOMMON 0000
__LdataBANK0               dataBANK0    0000
__LdataBANK1               dataBANK1    0000
__Leeprom_data             eeprom_data  0000
__Lend_init                end_init     000E
__Lfunctab                 functab      0000
__LidataBANK0              idataBANK0   0000
__LidataBANK1              idataBANK1   0000
__Lidloc                   idloc        0000
__Linit                    init         000E
__Linittext                inittext     0000
__Lintentry                intentry     0004
__Lmaintext                maintext     0000
__Lpowerup                 powerup      0000
__Lram                     ram          0000
__Lreset_vec               reset_vec    0000
__Lsfr0                    sfr0         0000
__Lsfr1                    sfr1         0000
__Lsfr2                    sfr2         0000
__Lsfr3                    sfr3         0000
__Lspace_0                 (abs)        0000
__Lspace_1                 (abs)        0000
__Lspace_2                 (abs)        0000
__Lspace_3                 (abs)        0000
__Lstack                   stack        0000
__Lstrings                 strings      0000
__Ltext                    text         0000
__S0                       (abs)        2009
__S1                       (abs)        00D7
__S2                       (abs)        0000
__S3                       (abs)        0000
___awdiv                   text5        025A
___awdiv@counter           cstackBANK0  0025
___awdiv@dividend          cstackBANK0  0022
___awdiv@divisor           cstackBANK0  0020
___awdiv@quotient          cstackBANK0  0027
___awdiv@sign              cstackBANK0  0026
___awmod                   text4        02CD
___awmod@counter           cstackBANK0  0025
___awmod@dividend          cstackBANK0  0022
___awmod@divisor           cstackBANK0  0020
___awmod@sign              cstackBANK0  0026
___int_sp                  stack        0000
___latbits                 (abs)        0002
___sp                      stack        0000
__end_of_T0_int            text17       052D
__end_of___awdiv           text5        02CD
__end_of___awmod           text4        0332
__end_of__initialization   cinit        0034
__end_of_ccp1_init         text13       04F3
__end_of_ccp_cap1          text12       0564
__end_of_ccp_cap2          text11       0554
__end_of_ccp_capture       text10       054B
__end_of_ccp_load_falling  text16       03D4
__end_of_ccp_load_rising   text15       04B7
__end_of_delay_ms          text8        04D6
__end_of_in_init           text9        0569
__end_of_isr               text14       0384
__end_of_lcd_dataReg       text3        0455
__end_of_lcd_init          text6        0419
__end_of_lcd_instReg       text7        025A
__end_of_lcd_lincol        text2        0508
__end_of_lcd_num           text1        0128
__end_of_main              maintext     01C4
__initialization           cinit        0011
__pbssBANK0                bssBANK0     003F
__pcstackBANK0             cstackBANK0  0020
__pcstackCOMMON            cstackCOMMON 0070
__pdataBANK0               dataBANK0    0052
__pdataBANK1               dataBANK1    00A0
__pidataBANK0              idataBANK0   052D
__pidataBANK1              idataBANK1   0455
__pintentry                intentry     0004
__pmaintext                maintext     0128
__ptext1                   text1        0038
__ptext10                  text10       053E
__ptext11                  text11       054B
__ptext12                  text12       055C
__ptext13                  text13       04D6
__ptext14                  text14       0332
__ptext15                  text15       048C
__ptext16                  text16       0384
__ptext17                  text17       051B
__ptext2                   text2        04F3
__ptext3                   text3        0419
__ptext4                   text4        02CD
__ptext5                   text5        025A
__ptext6                   text6        03D4
__ptext7                   text7        01C4
__ptext8                   text8        04B7
__ptext9                   text9        0564
__size_of_T0_int           (abs)        0000
__size_of___awdiv          (abs)        0000
__size_of___awmod          (abs)        0000
__size_of_ccp1_init        (abs)        0000
__size_of_ccp_cap1         (abs)        0000
__size_of_ccp_cap2         (abs)        0000
__size_of_ccp_capture      (abs)        0000
__size_of_ccp_load_falling (abs)        0000
__size_of_ccp_load_rising  (abs)        0000
__size_of_delay_ms         (abs)        0000
__size_of_in_init          (abs)        0000
__size_of_isr              (abs)        0000
__size_of_lcd_dataReg      (abs)        0000
__size_of_lcd_init         (abs)        0000
__size_of_lcd_instReg      (abs)        0000
__size_of_lcd_lincol       (abs)        0000
__size_of_lcd_num          (abs)        0000
__size_of_main             (abs)        0000
_ccp                       bssBANK0     004D
_ccp1_init                 text13       04D6
_ccp_cap1                  text12       055C
_ccp_cap2                  text11       054B
_ccp_capture               text10       053E
_ccp_load_falling          text16       0384
_ccp_load_rising           text15       048C
_dados_tag                 dataBANK0    0052
_delay_ms                  text8        04B7
_f_mp                      bssBANK0     004E
_in_init                   text9        0564
_isr                       text14       0332
_lcd_dataReg               text3        0419
_lcd_init                  text6        03D4
_lcd_instReg               text7        01C4
_lcd_lincol                text2        04F3
_lcd_num                   text1        0038
_main                      maintext     0128
_matEeprom                 dataBANK1    00A0
_t_sensor                  bssBANK0     004B
btemp                      (abs)        007E
ccp_load_falling@ccpaux    cstackCOMMON 0078
ccp_load_falling@hi2       cstackCOMMON 0077
ccp_load_falling@lo2       cstackCOMMON 0070
ccp_load_rising@ccpaux     cstackCOMMON 0074
ccp_load_rising@hi         cstackCOMMON 0073
ccp_load_rising@lo         cstackCOMMON 0070
clear_ram0                 clrtext      0554
delay_ms@t                 cstackBANK0  0020
end_of_initialization      cinit        0034
init_fetch0                inittext     0508
init_ram0                  inittext     050C
interrupt_function         intentry     0004
intlevel0                  functab      0000
intlevel1                  functab      0000
intlevel2                  functab      0000
intlevel3                  functab      0000
intlevel4                  functab      0000
intlevel5                  functab      0000
lcd_dataReg@d              cstackBANK0  0022
lcd_instReg@i              cstackBANK0  0022
lcd_lincol@col             cstackBANK0  0023
lcd_lincol@lin             cstackBANK0  0025
lcd_num@col                cstackBANK0  0029
lcd_num@div                cstackBANK0  0033
lcd_num@lin                cstackBANK0  0030
lcd_num@num                cstackBANK0  002A
lcd_num@sinal              cstackBANK0  0032
lcd_num@size               cstackBANK0  0031
lcd_num@tam                cstackBANK0  002C
main@ccp1                  cstackBANK0  0039
main@ccp2                  cstackBANK0  003B
main@ccp3                  cstackBANK0  003D
reset_vec                  reset_vec    0000
saved_w                    (abs)        007E
stackhi                    (abs)        0000
stacklo                    (abs)        0000
start                      init         000E
start_initialization       cinit        0011
wtemp0                     (abs)        007E


FUNCTION INFORMATION:

 *************** function _main *****************
 Defined at:
		line 18 in file "main.c"
 Parameters:    Size  Location     Type
		None
 Auto vars:     Size  Location     Type
  ccp3            2   29[BANK0 ] int 
  ccp2            2   27[BANK0 ] int 
  ccp1            2   25[BANK0 ] int 
 Return value:  Size  Location     Type
                  1    wreg      void 
 Registers used:
		wreg, fsr0l, fsr0h, status,2, status,0, btemp+1, pclath, cstack
 Tracked objects:
		On entry : 
		On exit  : 
		Unchanged: 
 Data sizes:     COMMON   BANK0   BANK1   BANK3   BANK2
      Params:         0       0       0       0       0
      Locals:         0       6       0       0       0
      Temps:          0       4       0       0       0
      Totals:         0      10       0       0       0
Total ram usage:       10 bytes
 Hardware stack levels required when called:    5
 This function calls:
		_ccp1_init
		_ccp_cap1
		_ccp_cap2
		_ccp_capture
		_delay_ms
		_in_init
		_lcd_init
		_lcd_num
 This function is called by:
		Startup code after reset
 This function uses a non-reentrant model


 *************** function _lcd_num *****************
 Defined at:
		line 179 in file "lcd.c"
 Parameters:    Size  Location     Type
  lin             1    wreg     unsigned char 
  col             1    9[BANK0 ] unsigned char 
  num             2   10[BANK0 ] int 
  tam             1   12[BANK0 ] unsigned char 
 Auto vars:     Size  Location     Type
  lin             1   16[BANK0 ] unsigned char 
  div             2   19[BANK0 ] int 
  sinal           1   18[BANK0 ] unsigned char 
  size            1   17[BANK0 ] unsigned char 
 Return value:  Size  Location     Type
                  1    wreg      void 
 Registers used:
		wreg, status,2, status,0, btemp+1, pclath, cstack
 Tracked objects:
		On entry : 
		On exit  : 
		Unchanged: 
 Data sizes:     COMMON   BANK0   BANK1   BANK3   BANK2
      Params:         0       4       0       0       0
      Locals:         0       5       0       0       0
      Temps:          0       3       0       0       0
      Totals:         0      12       0       0       0
Total ram usage:       12 bytes
 Hardware stack levels used:    1
 Hardware stack levels required when called:    4
 This function calls:
		___awdiv
		___awmod
		_lcd_dataReg
		_lcd_lincol
 This function is called by:
		_main
 This function uses a non-reentrant model


 *************** function _lcd_lincol *****************
 Defined at:
		line 112 in file "lcd.c"
 Parameters:    Size  Location     Type
  lin             1    wreg     unsigned char 
  col             1    3[BANK0 ] unsigned char 
 Auto vars:     Size  Location     Type
  lin             1    5[BANK0 ] unsigned char 
 Return value:  Size  Location     Type
                  1    wreg      void 
 Registers used:
		wreg, status,2, status,0, pclath, cstack
 Tracked objects:
		On entry : 
		On exit  : 
		Unchanged: 
 Data sizes:     COMMON   BANK0   BANK1   BANK3   BANK2
      Params:         0       1       0       0       0
      Locals:         0       1       0       0       0
      Temps:          0       1       0       0       0
      Totals:         0       3       0       0       0
Total ram usage:        3 bytes
 Hardware stack levels used:    1
 Hardware stack levels required when called:    3
 This function calls:
		_lcd_instReg
 This function is called by:
		_lcd_num
		_lcd_print
 This function uses a non-reentrant model


 *************** function _lcd_dataReg *****************
 Defined at:
		line 94 in file "lcd.c"
 Parameters:    Size  Location     Type
  d               1    wreg     unsigned char 
 Auto vars:     Size  Location     Type
  d               1    2[BANK0 ] unsigned char 
 Return value:  Size  Location     Type
                  1    wreg      void 
 Registers used:
		wreg, status,2, status,0
 Tracked objects:
		On entry : 
		On exit  : 
		Unchanged: 
 Data sizes:     COMMON   BANK0   BANK1   BANK3   BANK2
      Params:         0       0       0       0       0
      Locals:         0       1       0       0       0
      Temps:          0       2       0       0       0
      Totals:         0       3       0       0       0
Total ram usage:        3 bytes
 Hardware stack levels used:    1
 Hardware stack levels required when called:    2
 This function calls:
		Nothing
 This function is called by:
		_lcd_num
		_lcd_print
 This function uses a non-reentrant model


 *************** function ___awmod *****************
 Defined at:
		line 5 in file "C:\Program Files (x86)\Microchip\xc8\v2.00\pic\sources\c90\common\awmod.c"
 Parameters:    Size  Location     Type
  divisor         2    0[BANK0 ] int 
  dividend        2    2[BANK0 ] int 
 Auto vars:     Size  Location     Type
  sign            1    6[BANK0 ] unsigned char 
  counter         1    5[BANK0 ] unsigned char 
 Return value:  Size  Location     Type
                  2    0[BANK0 ] int 
 Registers used:
		wreg, status,2, status,0
 Tracked objects:
		On entry : 
		On exit  : 
		Unchanged: 
 Data sizes:     COMMON   BANK0   BANK1   BANK3   BANK2
      Params:         0       4       0       0       0
      Locals:         0       2       0       0       0
      Temps:          0       1       0       0       0
      Totals:         0       7       0       0       0
Total ram usage:        7 bytes
 Hardware stack levels used:    1
 Hardware stack levels required when called:    2
 This function calls:
		Nothing
 This function is called by:
		_lcd_num
 This function uses a non-reentrant model


 *************** function ___awdiv *****************
 Defined at:
		line 5 in file "C:\Program Files (x86)\Microchip\xc8\v2.00\pic\sources\c90\common\awdiv.c"
 Parameters:    Size  Location     Type
  divisor         2    0[BANK0 ] int 
  dividend        2    2[BANK0 ] int 
 Auto vars:     Size  Location     Type
  quotient        2    7[BANK0 ] int 
  sign            1    6[BANK0 ] unsigned char 
  counter         1    5[BANK0 ] unsigned char 
 Return value:  Size  Location     Type
                  2    0[BANK0 ] int 
 Registers used:
		wreg, status,2, status,0
 Tracked objects:
		On entry : 
		On exit  : 
		Unchanged: 
 Data sizes:     COMMON   BANK0   BANK1   BANK3   BANK2
      Params:         0       4       0       0       0
      Locals:         0       4       0       0       0
      Temps:          0       1       0       0       0
      Totals:         0       9       0       0       0
Total ram usage:        9 bytes
 Hardware stack levels used:    1
 Hardware stack levels required when called:    2
 This function calls:
		Nothing
 This function is called by:
		_lcd_num
 This function uses a non-reentrant model


 *************** function _lcd_init *****************
 Defined at:
		line 122 in file "lcd.c"
 Parameters:    Size  Location     Type
		None
 Auto vars:     Size  Location     Type
		None
 Return value:  Size  Location     Type
                  1    wreg      void 
 Registers used:
		wreg, status,2, status,0, pclath, cstack
 Tracked objects:
		On entry : 
		On exit  : 
		Unchanged: 
 Data sizes:     COMMON   BANK0   BANK1   BANK3   BANK2
      Params:         0       0       0       0       0
      Locals:         0       0       0       0       0
      Temps:          0       0       0       0       0
      Totals:         0       0       0       0       0
Total ram usage:        0 bytes
 Hardware stack levels used:    1
 Hardware stack levels required when called:    3
 This function calls:
		_delay_ms
		_lcd_instReg
 This function is called by:
		_main
 This function uses a non-reentrant model


 *************** function _lcd_instReg *****************
 Defined at:
		line 59 in file "lcd.c"
 Parameters:    Size  Location     Type
  i               1    wreg     unsigned char 
 Auto vars:     Size  Location     Type
  i               1    2[BANK0 ] unsigned char 
 Return value:  Size  Location     Type
                  1    wreg      void 
 Registers used:
		wreg, status,2, status,0
 Tracked objects:
		On entry : 
		On exit  : 
		Unchanged: 
 Data sizes:     COMMON   BANK0   BANK1   BANK3   BANK2
      Params:         0       0       0       0       0
      Locals:         0       1       0       0       0
      Temps:          0       2       0       0       0
      Totals:         0       3       0       0       0
Total ram usage:        3 bytes
 Hardware stack levels used:    1
 Hardware stack levels required when called:    2
 This function calls:
		Nothing
 This function is called by:
		_lcd_lincol
		_lcd_init
		_lcd_clr
 This function uses a non-reentrant model


 *************** function _delay_ms *****************
 Defined at:
		line 12 in file "delay.c"
 Parameters:    Size  Location     Type
  t               2    0[BANK0 ] unsigned int 
 Auto vars:     Size  Location     Type
		None
 Return value:  Size  Location     Type
                  1    wreg      void 
 Registers used:
		wreg, status,2, status,0
 Tracked objects:
		On entry : 
		On exit  : 
		Unchanged: 
 Data sizes:     COMMON   BANK0   BANK1   BANK3   BANK2
      Params:         0       2       0       0       0
      Locals:         0       0       0       0       0
      Temps:          0       2       0       0       0
      Totals:         0       4       0       0       0
Total ram usage:        4 bytes
 Hardware stack levels used:    1
 Hardware stack levels required when called:    2
 This function calls:
		Nothing
 This function is called by:
		_main
		_lcd_init
 This function uses a non-reentrant model


 *************** function _in_init *****************
 Defined at:
		line 19 in file "inputs.c"
 Parameters:    Size  Location     Type
		None
 Auto vars:     Size  Location     Type
		None
 Return value:  Size  Location     Type
                  1    wreg      void 
 Registers used:
		None
 Tracked objects:
		On entry : 
		On exit  : 
		Unchanged: 
 Data sizes:     COMMON   BANK0   BANK1   BANK3   BANK2
      Params:         0       0       0       0       0
      Locals:         0       0       0       0       0
      Temps:          0       0       0       0       0
      Totals:         0       0       0       0       0
Total ram usage:        0 bytes
 Hardware stack levels used:    1
 Hardware stack levels required when called:    2
 This function calls:
		Nothing
 This function is called by:
		_main
 This function uses a non-reentrant model


 *************** function _ccp_capture *****************
 Defined at:
		line 68 in file "ccp.c"
 Parameters:    Size  Location     Type
		None
 Auto vars:     Size  Location     Type
		None
 Return value:  Size  Location     Type
                  2    0[BANK0 ] unsigned int 
 Registers used:
		wreg, fsr0l, fsr0h, status,2, status,0
 Tracked objects:
		On entry : 
		On exit  : 
		Unchanged: 
 Data sizes:     COMMON   BANK0   BANK1   BANK3   BANK2
      Params:         0       2       0       0       0
      Locals:         0       0       0       0       0
      Temps:          0       0       0       0       0
      Totals:         0       2       0       0       0
Total ram usage:        2 bytes
 Hardware stack levels used:    1
 Hardware stack levels required when called:    2
 This function calls:
		Nothing
 This function is called by:
		_main
 This function uses a non-reentrant model


 *************** function _ccp_cap2 *****************
 Defined at:
		line 80 in file "ccp.c"
 Parameters:    Size  Location     Type
		None
 Auto vars:     Size  Location     Type
		None
 Return value:  Size  Location     Type
                  1    wreg      unsigned char 
 Registers used:
		wreg, fsr0l, fsr0h, status,2, status,0
 Tracked objects:
		On entry : 
		On exit  : 
		Unchanged: 
 Data sizes:     COMMON   BANK0   BANK1   BANK3   BANK2
      Params:         0       0       0       0       0
      Locals:         0       0       0       0       0
      Temps:          0       0       0       0       0
      Totals:         0       0       0       0       0
Total ram usage:        0 bytes
 Hardware stack levels used:    1
 Hardware stack levels required when called:    2
 This function calls:
		Nothing
 This function is called by:
		_main
 This function uses a non-reentrant model


 *************** function _ccp_cap1 *****************
 Defined at:
		line 75 in file "ccp.c"
 Parameters:    Size  Location     Type
		None
 Auto vars:     Size  Location     Type
		None
 Return value:  Size  Location     Type
                  1    wreg      unsigned char 
 Registers used:
		wreg, fsr0l, fsr0h
 Tracked objects:
		On entry : 
		On exit  : 
		Unchanged: 
 Data sizes:     COMMON   BANK0   BANK1   BANK3   BANK2
      Params:         0       0       0       0       0
      Locals:         0       0       0       0       0
      Temps:          0       0       0       0       0
      Totals:         0       0       0       0       0
Total ram usage:        0 bytes
 Hardware stack levels used:    1
 Hardware stack levels required when called:    2
 This function calls:
		Nothing
 This function is called by:
		_main
 This function uses a non-reentrant model


 *************** function _ccp1_init *****************
 Defined at:
		line 17 in file "ccp.c"
 Parameters:    Size  Location     Type
		None
 Auto vars:     Size  Location     Type
		None
 Return value:  Size  Location     Type
                  1    wreg      void 
 Registers used:
		wreg, status,2, status,0
 Tracked objects:
		On entry : 
		On exit  : 
		Unchanged: 
 Data sizes:     COMMON   BANK0   BANK1   BANK3   BANK2
      Params:         0       0       0       0       0
      Locals:         0       0       0       0       0
      Temps:          0       0       0       0       0
      Totals:         0       0       0       0       0
Total ram usage:        0 bytes
 Hardware stack levels used:    1
 Hardware stack levels required when called:    2
 This function calls:
		Nothing
 This function is called by:
		_main
 This function uses a non-reentrant model


 *************** function _isr *****************
 Defined at:
		line 19 in file "interrupt.c"
 Parameters:    Size  Location     Type
		None
 Auto vars:     Size  Location     Type
		None
 Return value:  Size  Location     Type
                  1    wreg      void 
 Registers used:
		wreg, fsr0l, fsr0h, status,2, status,0, pclath, cstack
 Tracked objects:
		On entry : 
		On exit  : 
		Unchanged: 
 Data sizes:     COMMON   BANK0   BANK1   BANK3   BANK2
      Params:         0       0       0       0       0
      Locals:         0       0       0       0       0
      Temps:          4       0       0       0       0
      Totals:         4       0       0       0       0
Total ram usage:        4 bytes
 Hardware stack levels used:    1
 Hardware stack levels required when called:    1
 This function calls:
		_T0_int
		_ccp_load_falling
		_ccp_load_rising
 This function is called by:
		Interrupt level 1
 This function uses a non-reentrant model


 *************** function _ccp_load_rising *****************
 Defined at:
		line 39 in file "ccp.c"
 Parameters:    Size  Location     Type
  hi              1    wreg     unsigned char 
  lo              1    0[COMMON] unsigned char 
 Auto vars:     Size  Location     Type
  hi              1    3[COMMON] unsigned char 
  ccpaux          2    4[COMMON] int 
 Return value:  Size  Location     Type
                  1    wreg      void 
 Registers used:
		wreg, fsr0l, fsr0h, status,2, status,0
 Tracked objects:
		On entry : 
		On exit  : 
		Unchanged: 
 Data sizes:     COMMON   BANK0   BANK1   BANK3   BANK2
      Params:         1       0       0       0       0
      Locals:         3       0       0       0       0
      Temps:          2       0       0       0       0
      Totals:         6       0       0       0       0
Total ram usage:        6 bytes
 Hardware stack levels used:    1
 This function calls:
		Nothing
 This function is called by:
		_isr
 This function uses a non-reentrant model


 *************** function _ccp_load_falling *****************
 Defined at:
		line 53 in file "ccp.c"
 Parameters:    Size  Location     Type
  hi2             1    wreg     unsigned char 
  lo2             1    0[COMMON] unsigned char 
 Auto vars:     Size  Location     Type
  hi2             1    7[COMMON] unsigned char 
  ccpaux          2    8[COMMON] int 
 Return value:  Size  Location     Type
                  1    wreg      void 
 Registers used:
		wreg, fsr0l, fsr0h, status,2, status,0
 Tracked objects:
		On entry : 
		On exit  : 
		Unchanged: 
 Data sizes:     COMMON   BANK0   BANK1   BANK3   BANK2
      Params:         1       0       0       0       0
      Locals:         3       0       0       0       0
      Temps:          6       0       0       0       0
      Totals:        10       0       0       0       0
Total ram usage:       10 bytes
 Hardware stack levels used:    1
 This function calls:
		Nothing
 This function is called by:
		_isr
 This function uses a non-reentrant model


 *************** function _T0_int *****************
 Defined at:
		line 33 in file "timer.c"
 Parameters:    Size  Location     Type
		None
 Auto vars:     Size  Location     Type
		None
 Return value:  Size  Location     Type
                  1    wreg      void 
 Registers used:
		wreg, status,2, status,0
 Tracked objects:
		On entry : 
		On exit  : 
		Unchanged: 
 Data sizes:     COMMON   BANK0   BANK1   BANK3   BANK2
      Params:         0       0       0       0       0
      Locals:         0       0       0       0       0
      Temps:          0       0       0       0       0
      Totals:         0       0       0       0       0
Total ram usage:        0 bytes
 Hardware stack levels used:    1
 This function calls:
		Nothing
 This function is called by:
		_isr
 This function uses a non-reentrant model



MODULE INFORMATION

Module		Function		Class		Link	Load	Size
delay.c
		_delay_ms      		CODE           	04B7	0000	32

delay.c estimated size: 32

C:\Program Files (x86)\Microchip\xc8\v2.00\pic\sources\c90\common\awmod.c
		___awmod       		CODE           	02CD	0000	102

C:\Program Files (x86)\Microchip\xc8\v2.00\pic\sources\c90\common\awmod.c estimated size: 102

timer.c
		_T0_int        		CODE           	051B	0000	19

timer.c estimated size: 19

C:\Program Files (x86)\Microchip\xc8\v2.00\pic\sources\c90\common\awdiv.c
		___awdiv       		CODE           	025A	0000	116

C:\Program Files (x86)\Microchip\xc8\v2.00\pic\sources\c90\common\awdiv.c estimated size: 116

interrupt.c
		_isr           		CODE           	0332	0000	83

interrupt.c estimated size: 83

shared
		__initialization		CODE           	0011	0000	36

shared estimated size: 36

lcd.c
		_lcd_lincol    		CODE           	04F3	0000	22
		_lcd_dataReg   		CODE           	0419	0000	61
		_lcd_instReg   		CODE           	01C4	0000	151
		_lcd_init      		CODE           	03D4	0000	70
		_lcd_num       		CODE           	0038	0000	241

lcd.c estimated size: 545

ccp.c
		_ccp_load_rising		CODE           	048C	0000	44
		_ccp1_init     		CODE           	04D6	0000	30
		_ccp_cap1      		CODE           	055C	0000	9
		_ccp_cap2      		CODE           	054B	0000	10
		_ccp_capture   		CODE           	053E	0000	14
		_ccp_load_falling		CODE           	0384	0000	81

ccp.c estimated size: 188

main.c
		_main          		CODE           	0128	0000	157

main.c estimated size: 157

inputs.c
		_in_init       		CODE           	0564	0000	6

inputs.c estimated size: 6

